<?xml version="1.0" encoding="UTF-8"?>
<TestRun id="a4a14394-6e33-40ab-8421-eb387f7f0917" name="csq@CSQ-HP 2012-11-18 16:23:23" runUser="csq-HP\csq" xmlns="http://microsoft.com/schemas/VisualStudio/TeamTest/2010">
  <TestSettings name="Local" id="1e55fc8c-f910-491d-a8c5-709fde21967d">
    <Description>These are default test settings for a local test run.</Description>
    <Deployment enabled="false" runDeploymentRoot="csq_CSQ-HP 2012-11-18 16_23_23">
      <DeploymentItem filename="C:\Program Files (x86)\Microsoft ASP.NET\ASP.NET MVC 4\Assemblies\System.Net.Http.dll" />
      <DeploymentItem filename="C:\Users\csq\documents\visual studio 2010\Projects\ContentManagerMVC\TestProjectMVC1\bin\Debug\System.Web.Optimization.dll" />
      <DeploymentItem filename="C:\Users\csq\documents\visual studio 2010\Projects\ContentManagerMVC\TestProjectMVC1\bin\Debug\DotNetOpenAuth.OpenId.RelyingParty.dll" />
      <DeploymentItem filename="C:\Program Files (x86)\Microsoft ASP.NET\ASP.NET Web Pages\v2.0\Assemblies\WebMatrix.WebData.dll" />
      <DeploymentItem filename="C:\Users\csq\documents\visual studio 2010\Projects\ContentManagerMVC\TestProjectMVC1\bin\Debug\DotNetOpenAuth.OAuth.Consumer.dll" />
      <DeploymentItem filename="C:\Program Files (x86)\Microsoft ASP.NET\ASP.NET Web Pages\v2.0\Assemblies\System.Web.WebPages.dll" />
      <DeploymentItem filename="C:\Users\csq\documents\visual studio 2010\Projects\ContentManagerMVC\TestProjectMVC1\bin\Debug\DotNetOpenAuth.OAuth.dll" />
      <DeploymentItem filename="C:\Users\csq\documents\visual studio 2010\Projects\ContentManagerMVC\TestProjectMVC1\bin\Debug\DotNetOpenAuth.AspNet.dll" />
      <DeploymentItem filename="C:\Program Files (x86)\MySQL\MySQL Connector Net 6.5.4\Assemblies\v4.0\MySql.Web.dll" />
      <DeploymentItem filename="C:\Users\csq\documents\visual studio 2010\Projects\ContentManagerMVC\ContentManagerMVC\bin\ContentManagerMVC.dll" />
      <DeploymentItem filename="C:\Program Files (x86)\Microsoft ASP.NET\ASP.NET Web Pages\v2.0\Assemblies\WebMatrix.Data.dll" />
      <DeploymentItem filename="C:\Program Files (x86)\Microsoft ASP.NET\ASP.NET MVC 4\Assemblies\System.Web.Http.dll" />
      <DeploymentItem filename="C:\Users\csq\documents\visual studio 2010\Projects\ContentManagerMVC\TestProjectMVC1\bin\Debug\EntityFramework.dll" />
      <DeploymentItem filename="C:\Users\csq\documents\visual studio 2010\Projects\ContentManagerMVC\TestProjectMVC1\bin\Debug\DotNetOpenAuth.OpenId.dll" />
      <DeploymentItem filename="C:\Users\csq\documents\visual studio 2010\Projects\ContentManagerMVC\TestProjectMVC1\bin\Debug\WebGrease.dll" />
      <DeploymentItem filename="C:\Users\csq\documents\visual studio 2010\Projects\ContentManagerMVC\TestProjectMVC1\bin\Debug\Antlr3.Runtime.dll" />
      <DeploymentItem filename="C:\Users\csq\documents\visual studio 2010\Projects\ContentManagerMVC\TestProjectMVC1\bin\Debug\Newtonsoft.Json.dll" />
      <DeploymentItem filename="C:\Users\csq\documents\visual studio 2010\Projects\ContentManagerMVC\packages\PagedList.1.15.0.0\lib\net40\PagedList.dll" />
      <DeploymentItem filename="C:\Program Files (x86)\Microsoft ASP.NET\ASP.NET MVC 4\Assemblies\System.Net.Http.WebRequest.dll" />
      <DeploymentItem filename="C:\Program Files (x86)\Microsoft ASP.NET\ASP.NET MVC 4\Assemblies\System.Web.Http.WebHost.dll" />
      <DeploymentItem filename="C:\Program Files (x86)\Microsoft ASP.NET\ASP.NET MVC 4\Assemblies\System.Net.Http.Formatting.dll" />
      <DeploymentItem filename="C:\Program Files (x86)\MySQL\MySQL Connector Net 6.5.4\Assemblies\v4.0\MySql.Data.Entity.dll" />
      <DeploymentItem filename="C:\Users\csq\documents\visual studio 2010\Projects\ContentManagerMVC\packages\PagedList.Mvc.3.18.0.0\lib\net40\PagedList.Mvc.dll" />
      <DeploymentItem filename="C:\Program Files (x86)\Microsoft ASP.NET\ASP.NET Web Pages\v2.0\Assemblies\System.Web.Razor.dll" />
      <DeploymentItem filename="C:\Program Files (x86)\Microsoft ASP.NET\ASP.NET Web Pages\v2.0\Assemblies\Microsoft.Web.Infrastructure.dll" />
      <DeploymentItem filename="C:\Program Files (x86)\MySQL\MySQL Connector Net 6.5.4\Assemblies\v4.0\MySql.Data.dll" />
      <DeploymentItem filename="C:\Users\csq\documents\visual studio 2010\Projects\ContentManagerMVC\TestProjectMVC1\bin\Debug\DotNetOpenAuth.Core.dll" />
      <DeploymentItem filename="C:\Program Files (x86)\Microsoft ASP.NET\ASP.NET Web Pages\v2.0\Assemblies\System.Web.WebPages.Deployment.dll" />
      <DeploymentItem filename="C:\Program Files (x86)\Microsoft ASP.NET\ASP.NET Web Pages\v2.0\Assemblies\System.Web.WebPages.Razor.dll" />
      <DeploymentItem filename="C:\Program Files (x86)\Microsoft ASP.NET\ASP.NET Web Pages\v2.0\Assemblies\Microsoft.Web.WebPages.OAuth.dll" />
      <DeploymentItem filename="C:\Program Files (x86)\Microsoft ASP.NET\ASP.NET Web Pages\v2.0\Assemblies\System.Web.Helpers.dll" />
    </Deployment>
    <Execution>
      <TestTypeSpecific />
      <AgentRule name="Execution Agents">
      </AgentRule>
    </Execution>
  </TestSettings>
  <Times creation="2012-11-18T16:23:23.9910523-08:00" queuing="2012-11-18T16:23:26.3591878-08:00" start="2012-11-18T16:23:26.5331977-08:00" finish="2012-11-18T16:23:35.1896929-08:00" />
  <ResultSummary outcome="Failed">
    <Counters total="15" executed="15" passed="2" error="0" failed="13" timeout="0" aborted="0" inconclusive="0" passedButRunAborted="0" notRunnable="0" notExecuted="0" disconnected="0" warning="0" completed="0" inProgress="0" pending="0" />
  </ResultSummary>
  <TestDefinitions>
    <UnitTest name="DeleteTest" storage="c:\users\csq\documents\visual studio 2010\projects\contentmanagermvc\testprojectmvc1\bin\debug\testprojectmvc1.dll" id="45939775-937c-d18b-5d09-89bee40ca5bd">
      <Execution id="9fa59dc9-b98c-4e7a-a2b0-4d28af9c8382" />
      <TestMethod codeBase="C:/Users/csq/documents/visual studio 2010/Projects/ContentManagerMVC/TestProjectMVC1/bin/Debug/TestProjectMVC1.DLL" adapterTypeName="Microsoft.VisualStudio.TestTools.TestTypes.Unit.UnitTestAdapter, Microsoft.VisualStudio.QualityTools.Tips.UnitTest.Adapter, Version=10.0.0.0, Culture=neutral, PublicKeyToken=b03f5f7f11d50a3a" className="TestProjectMVC1.MediaContentControllerTest, TestProjectMVC1, Version=1.0.0.0, Culture=neutral, PublicKeyToken=null" name="DeleteTest" />
      <AspNet webSiteUrl="http://localhost:56551/">
        <Host pathToWebApp="C:\Users\csq\documents\visual studio 2010\Projects\ContentManagerMVC\ContentManagerMVC" webAppRoot="/" />
      </AspNet>
    </UnitTest>
    <UnitTest name="TestIndexTest" storage="c:\users\csq\documents\visual studio 2010\projects\contentmanagermvc\testprojectmvc1\bin\debug\testprojectmvc1.dll" id="f67ff68c-f7a7-9005-b908-3bd283f4e6e2">
      <Execution id="f12ebded-c7ad-4c08-aa19-62d55eaff850" />
      <TestMethod codeBase="C:/Users/csq/documents/visual studio 2010/Projects/ContentManagerMVC/TestProjectMVC1/bin/Debug/TestProjectMVC1.DLL" adapterTypeName="Microsoft.VisualStudio.TestTools.TestTypes.Unit.UnitTestAdapter, Microsoft.VisualStudio.QualityTools.Tips.UnitTest.Adapter, Version=10.0.0.0, Culture=neutral, PublicKeyToken=b03f5f7f11d50a3a" className="TestProjectMVC1.MediaContentControllerTest, TestProjectMVC1, Version=1.0.0.0, Culture=neutral, PublicKeyToken=null" name="TestIndexTest" />
      <AspNet webSiteUrl="http://localhost:56551/">
        <Host pathToWebApp="C:\Users\csq\documents\visual studio 2010\Projects\ContentManagerMVC\ContentManagerMVC" webAppRoot="/" />
      </AspNet>
    </UnitTest>
    <UnitTest name="DetailsTest" storage="c:\users\csq\documents\visual studio 2010\projects\contentmanagermvc\testprojectmvc1\bin\debug\testprojectmvc1.dll" id="281eca41-2b92-6d24-4f23-223b8bf5016b">
      <Execution id="f2dab9c3-5e28-47fe-a717-c285bfd01b4c" />
      <TestMethod codeBase="C:/Users/csq/documents/visual studio 2010/Projects/ContentManagerMVC/TestProjectMVC1/bin/Debug/TestProjectMVC1.DLL" adapterTypeName="Microsoft.VisualStudio.TestTools.TestTypes.Unit.UnitTestAdapter, Microsoft.VisualStudio.QualityTools.Tips.UnitTest.Adapter, Version=10.0.0.0, Culture=neutral, PublicKeyToken=b03f5f7f11d50a3a" className="TestProjectMVC1.MediaContentControllerTest, TestProjectMVC1, Version=1.0.0.0, Culture=neutral, PublicKeyToken=null" name="DetailsTest" />
      <AspNet webSiteUrl="http://localhost:56551/">
        <Host pathToWebApp="C:\Users\csq\documents\visual studio 2010\Projects\ContentManagerMVC\ContentManagerMVC" webAppRoot="/" />
      </AspNet>
    </UnitTest>
    <UnitTest name="DisposeTest" storage="c:\users\csq\documents\visual studio 2010\projects\contentmanagermvc\testprojectmvc1\bin\debug\testprojectmvc1.dll" id="b9b3ccef-c54e-b9a8-8963-b2a606ec6ab2">
      <DeploymentItems>
        <DeploymentItem filename="ContentManagerMVC.dll" />
      </DeploymentItems>
      <Execution id="c4a2583a-5904-4d1b-b70b-2b003829a728" />
      <TestMethod codeBase="C:/Users/csq/documents/visual studio 2010/Projects/ContentManagerMVC/TestProjectMVC1/bin/Debug/TestProjectMVC1.DLL" adapterTypeName="Microsoft.VisualStudio.TestTools.TestTypes.Unit.UnitTestAdapter, Microsoft.VisualStudio.QualityTools.Tips.UnitTest.Adapter, Version=10.0.0.0, Culture=neutral, PublicKeyToken=b03f5f7f11d50a3a" className="TestProjectMVC1.MediaContentControllerTest, TestProjectMVC1, Version=1.0.0.0, Culture=neutral, PublicKeyToken=null" name="DisposeTest" />
      <AspNet webSiteUrl="http://localhost:56551/">
        <Host pathToWebApp="C:\Users\csq\documents\visual studio 2010\Projects\ContentManagerMVC\ContentManagerMVC" webAppRoot="/" />
      </AspNet>
    </UnitTest>
    <UnitTest name="TestMethod1" storage="c:\users\csq\documents\visual studio 2010\projects\contentmanagermvc\testprojectmvc1\bin\debug\testprojectmvc1.dll" id="aa5bdf33-005b-a0b7-2e43-118a280313a3">
      <Execution id="39dad5be-41c1-4c3e-ba30-a8f3126e18d0" />
      <TestMethod codeBase="C:/Users/csq/documents/visual studio 2010/Projects/ContentManagerMVC/TestProjectMVC1/bin/Debug/TestProjectMVC1.DLL" adapterTypeName="Microsoft.VisualStudio.TestTools.TestTypes.Unit.UnitTestAdapter, Microsoft.VisualStudio.QualityTools.Tips.UnitTest.Adapter, Version=10.0.0.0, Culture=neutral, PublicKeyToken=b03f5f7f11d50a3a" className="TestProjectMVC1.UnitTestPlayer, TestProjectMVC1, Version=1.0.0.0, Culture=neutral, PublicKeyToken=null" name="TestMethod1" />
    </UnitTest>
    <UnitTest name="PlayerScheduleDetailsTest" storage="c:\users\csq\documents\visual studio 2010\projects\contentmanagermvc\testprojectmvc1\bin\debug\testprojectmvc1.dll" id="d4bf14e0-98ff-bfc3-122f-c0e352be3146">
      <Execution id="820cbc6f-0c37-4d97-b091-36686fef299d" />
      <TestMethod codeBase="C:/Users/csq/documents/visual studio 2010/Projects/ContentManagerMVC/TestProjectMVC1/bin/Debug/TestProjectMVC1.DLL" adapterTypeName="Microsoft.VisualStudio.TestTools.TestTypes.Unit.UnitTestAdapter, Microsoft.VisualStudio.QualityTools.Tips.UnitTest.Adapter, Version=10.0.0.0, Culture=neutral, PublicKeyToken=b03f5f7f11d50a3a" className="TestProjectMVC1.PlayerControllerTest, TestProjectMVC1, Version=1.0.0.0, Culture=neutral, PublicKeyToken=null" name="PlayerScheduleDetailsTest" />
      <AspNet webSiteUrl="http://localhost:56551/">
        <Host pathToWebApp="C:\Users\csq\documents\visual studio 2010\Projects\ContentManagerMVC\ContentManagerMVC" webAppRoot="/" />
      </AspNet>
    </UnitTest>
    <UnitTest name="DeleteConfirmedTest" storage="c:\users\csq\documents\visual studio 2010\projects\contentmanagermvc\testprojectmvc1\bin\debug\testprojectmvc1.dll" id="424e8f11-0b67-c110-2f82-7c13c481f2a8">
      <Execution id="73d717a4-b278-42e7-89b4-921ad7493aac" />
      <TestMethod codeBase="C:/Users/csq/documents/visual studio 2010/Projects/ContentManagerMVC/TestProjectMVC1/bin/Debug/TestProjectMVC1.DLL" adapterTypeName="Microsoft.VisualStudio.TestTools.TestTypes.Unit.UnitTestAdapter, Microsoft.VisualStudio.QualityTools.Tips.UnitTest.Adapter, Version=10.0.0.0, Culture=neutral, PublicKeyToken=b03f5f7f11d50a3a" className="TestProjectMVC1.MediaContentControllerTest, TestProjectMVC1, Version=1.0.0.0, Culture=neutral, PublicKeyToken=null" name="DeleteConfirmedTest" />
      <AspNet webSiteUrl="http://localhost:56551/">
        <Host pathToWebApp="C:\Users\csq\documents\visual studio 2010\Projects\ContentManagerMVC\ContentManagerMVC" webAppRoot="/" />
      </AspNet>
    </UnitTest>
    <UnitTest name="EditTest1" storage="c:\users\csq\documents\visual studio 2010\projects\contentmanagermvc\testprojectmvc1\bin\debug\testprojectmvc1.dll" id="2c900f1f-04c1-e18a-f24e-883d8ff3d515">
      <Execution id="f244fe27-5d73-4057-bf1d-01e31f5aba5e" />
      <TestMethod codeBase="C:/Users/csq/documents/visual studio 2010/Projects/ContentManagerMVC/TestProjectMVC1/bin/Debug/TestProjectMVC1.DLL" adapterTypeName="Microsoft.VisualStudio.TestTools.TestTypes.Unit.UnitTestAdapter, Microsoft.VisualStudio.QualityTools.Tips.UnitTest.Adapter, Version=10.0.0.0, Culture=neutral, PublicKeyToken=b03f5f7f11d50a3a" className="TestProjectMVC1.MediaContentControllerTest, TestProjectMVC1, Version=1.0.0.0, Culture=neutral, PublicKeyToken=null" name="EditTest1" />
      <AspNet webSiteUrl="http://localhost:56551/">
        <Host pathToWebApp="C:\Users\csq\documents\visual studio 2010\Projects\ContentManagerMVC\ContentManagerMVC" webAppRoot="/" />
      </AspNet>
    </UnitTest>
    <UnitTest name="IndexTest" storage="c:\users\csq\documents\visual studio 2010\projects\contentmanagermvc\testprojectmvc1\bin\debug\testprojectmvc1.dll" id="72f448a6-81e4-e97a-86eb-794a91249f38">
      <Execution id="900afbff-fc1d-45da-91ca-16bcfd55a200" />
      <TestMethod codeBase="C:/Users/csq/documents/visual studio 2010/Projects/ContentManagerMVC/TestProjectMVC1/bin/Debug/TestProjectMVC1.DLL" adapterTypeName="Microsoft.VisualStudio.TestTools.TestTypes.Unit.UnitTestAdapter, Microsoft.VisualStudio.QualityTools.Tips.UnitTest.Adapter, Version=10.0.0.0, Culture=neutral, PublicKeyToken=b03f5f7f11d50a3a" className="TestProjectMVC1.MediaContentControllerTest, TestProjectMVC1, Version=1.0.0.0, Culture=neutral, PublicKeyToken=null" name="IndexTest" />
      <AspNet webSiteUrl="http://localhost:56551/">
        <Host pathToWebApp="C:\Users\csq\documents\visual studio 2010\Projects\ContentManagerMVC\ContentManagerMVC" webAppRoot="/" />
      </AspNet>
    </UnitTest>
    <UnitTest name="TestView" storage="c:\users\csq\documents\visual studio 2010\projects\contentmanagermvc\testprojectmvc1\bin\debug\testprojectmvc1.dll" id="e131a79d-db52-4a15-8f16-f2365ec0ae6c">
      <Execution id="59e364be-72d3-4cec-9240-f7b8b65ebc32" />
      <TestMethod codeBase="C:/Users/csq/documents/visual studio 2010/Projects/ContentManagerMVC/TestProjectMVC1/bin/Debug/TestProjectMVC1.DLL" adapterTypeName="Microsoft.VisualStudio.TestTools.TestTypes.Unit.UnitTestAdapter, Microsoft.VisualStudio.QualityTools.Tips.UnitTest.Adapter, Version=10.0.0.0, Culture=neutral, PublicKeyToken=b03f5f7f11d50a3a" className="TestProjectMVC1.UnitTestContent, TestProjectMVC1, Version=1.0.0.0, Culture=neutral, PublicKeyToken=null" name="TestView" />
    </UnitTest>
    <UnitTest name="TestIndexView" storage="c:\users\csq\documents\visual studio 2010\projects\contentmanagermvc\testprojectmvc1\bin\debug\testprojectmvc1.dll" id="17b641ce-60a6-feae-80d1-dec1166f269a">
      <Execution id="3ec55131-20f9-476d-88b6-f2485f3334eb" />
      <TestMethod codeBase="C:/Users/csq/documents/visual studio 2010/Projects/ContentManagerMVC/TestProjectMVC1/bin/Debug/TestProjectMVC1.DLL" adapterTypeName="Microsoft.VisualStudio.TestTools.TestTypes.Unit.UnitTestAdapter, Microsoft.VisualStudio.QualityTools.Tips.UnitTest.Adapter, Version=10.0.0.0, Culture=neutral, PublicKeyToken=b03f5f7f11d50a3a" className="TestProjectMVC1.UnitTestContent, TestProjectMVC1, Version=1.0.0.0, Culture=neutral, PublicKeyToken=null" name="TestIndexView" />
    </UnitTest>
    <UnitTest name="CreateTest" storage="c:\users\csq\documents\visual studio 2010\projects\contentmanagermvc\testprojectmvc1\bin\debug\testprojectmvc1.dll" id="278d13aa-98f9-399c-575a-1ff69da65377">
      <Execution id="d730b280-2fa7-4443-9be3-5f8af4a74ba9" />
      <TestMethod codeBase="C:/Users/csq/documents/visual studio 2010/Projects/ContentManagerMVC/TestProjectMVC1/bin/Debug/TestProjectMVC1.DLL" adapterTypeName="Microsoft.VisualStudio.TestTools.TestTypes.Unit.UnitTestAdapter, Microsoft.VisualStudio.QualityTools.Tips.UnitTest.Adapter, Version=10.0.0.0, Culture=neutral, PublicKeyToken=b03f5f7f11d50a3a" className="TestProjectMVC1.MediaContentControllerTest, TestProjectMVC1, Version=1.0.0.0, Culture=neutral, PublicKeyToken=null" name="CreateTest" />
      <AspNet webSiteUrl="http://localhost:56551/">
        <Host pathToWebApp="C:\Users\csq\documents\visual studio 2010\Projects\ContentManagerMVC\ContentManagerMVC" webAppRoot="/" />
      </AspNet>
    </UnitTest>
    <UnitTest name="CreateTest1" storage="c:\users\csq\documents\visual studio 2010\projects\contentmanagermvc\testprojectmvc1\bin\debug\testprojectmvc1.dll" id="758a6703-628b-e9e2-d781-a75c569793d6">
      <Execution id="0e9069a0-ac96-41de-bc02-0c66dfcff38a" />
      <TestMethod codeBase="C:/Users/csq/documents/visual studio 2010/Projects/ContentManagerMVC/TestProjectMVC1/bin/Debug/TestProjectMVC1.DLL" adapterTypeName="Microsoft.VisualStudio.TestTools.TestTypes.Unit.UnitTestAdapter, Microsoft.VisualStudio.QualityTools.Tips.UnitTest.Adapter, Version=10.0.0.0, Culture=neutral, PublicKeyToken=b03f5f7f11d50a3a" className="TestProjectMVC1.MediaContentControllerTest, TestProjectMVC1, Version=1.0.0.0, Culture=neutral, PublicKeyToken=null" name="CreateTest1" />
      <AspNet webSiteUrl="http://localhost:56551/">
        <Host pathToWebApp="C:\Users\csq\documents\visual studio 2010\Projects\ContentManagerMVC\ContentManagerMVC" webAppRoot="/" />
      </AspNet>
    </UnitTest>
    <UnitTest name="EditTest" storage="c:\users\csq\documents\visual studio 2010\projects\contentmanagermvc\testprojectmvc1\bin\debug\testprojectmvc1.dll" id="231da7cf-6321-9c2d-9abf-30efbe73cf3c">
      <Execution id="fb91de3a-2a33-478d-bf1e-c1a09627b48f" />
      <TestMethod codeBase="C:/Users/csq/documents/visual studio 2010/Projects/ContentManagerMVC/TestProjectMVC1/bin/Debug/TestProjectMVC1.DLL" adapterTypeName="Microsoft.VisualStudio.TestTools.TestTypes.Unit.UnitTestAdapter, Microsoft.VisualStudio.QualityTools.Tips.UnitTest.Adapter, Version=10.0.0.0, Culture=neutral, PublicKeyToken=b03f5f7f11d50a3a" className="TestProjectMVC1.MediaContentControllerTest, TestProjectMVC1, Version=1.0.0.0, Culture=neutral, PublicKeyToken=null" name="EditTest" />
      <AspNet webSiteUrl="http://localhost:56551/">
        <Host pathToWebApp="C:\Users\csq\documents\visual studio 2010\Projects\ContentManagerMVC\ContentManagerMVC" webAppRoot="/" />
      </AspNet>
    </UnitTest>
    <UnitTest name="MediaContentControllerConstructorTest" storage="c:\users\csq\documents\visual studio 2010\projects\contentmanagermvc\testprojectmvc1\bin\debug\testprojectmvc1.dll" id="ab828656-56f0-26bc-8962-4f915d955ff1">
      <Execution id="0ee318c8-0d9b-4621-8bb5-52797c3223b5" />
      <TestMethod codeBase="C:/Users/csq/documents/visual studio 2010/Projects/ContentManagerMVC/TestProjectMVC1/bin/Debug/TestProjectMVC1.DLL" adapterTypeName="Microsoft.VisualStudio.TestTools.TestTypes.Unit.UnitTestAdapter, Microsoft.VisualStudio.QualityTools.Tips.UnitTest.Adapter, Version=10.0.0.0, Culture=neutral, PublicKeyToken=b03f5f7f11d50a3a" className="TestProjectMVC1.MediaContentControllerTest, TestProjectMVC1, Version=1.0.0.0, Culture=neutral, PublicKeyToken=null" name="MediaContentControllerConstructorTest" />
      <AspNet webSiteUrl="http://localhost:56551/">
        <Host pathToWebApp="C:\Users\csq\documents\visual studio 2010\Projects\ContentManagerMVC\ContentManagerMVC" webAppRoot="/" />
      </AspNet>
    </UnitTest>
  </TestDefinitions>
  <TestLists>
    <TestList name="Results Not in a List" id="8c84fa94-04c1-424b-9868-57a2d4851a1d" />
    <TestList name="All Loaded Results" id="19431567-8539-422a-85d7-44ee4e166bda" />
  </TestLists>
  <TestEntries>
    <TestEntry testId="aa5bdf33-005b-a0b7-2e43-118a280313a3" executionId="39dad5be-41c1-4c3e-ba30-a8f3126e18d0" testListId="8c84fa94-04c1-424b-9868-57a2d4851a1d" />
    <TestEntry testId="72f448a6-81e4-e97a-86eb-794a91249f38" executionId="900afbff-fc1d-45da-91ca-16bcfd55a200" testListId="8c84fa94-04c1-424b-9868-57a2d4851a1d" />
    <TestEntry testId="ab828656-56f0-26bc-8962-4f915d955ff1" executionId="0ee318c8-0d9b-4621-8bb5-52797c3223b5" testListId="8c84fa94-04c1-424b-9868-57a2d4851a1d" />
    <TestEntry testId="278d13aa-98f9-399c-575a-1ff69da65377" executionId="d730b280-2fa7-4443-9be3-5f8af4a74ba9" testListId="8c84fa94-04c1-424b-9868-57a2d4851a1d" />
    <TestEntry testId="758a6703-628b-e9e2-d781-a75c569793d6" executionId="0e9069a0-ac96-41de-bc02-0c66dfcff38a" testListId="8c84fa94-04c1-424b-9868-57a2d4851a1d" />
    <TestEntry testId="45939775-937c-d18b-5d09-89bee40ca5bd" executionId="9fa59dc9-b98c-4e7a-a2b0-4d28af9c8382" testListId="8c84fa94-04c1-424b-9868-57a2d4851a1d" />
    <TestEntry testId="424e8f11-0b67-c110-2f82-7c13c481f2a8" executionId="73d717a4-b278-42e7-89b4-921ad7493aac" testListId="8c84fa94-04c1-424b-9868-57a2d4851a1d" />
    <TestEntry testId="281eca41-2b92-6d24-4f23-223b8bf5016b" executionId="f2dab9c3-5e28-47fe-a717-c285bfd01b4c" testListId="8c84fa94-04c1-424b-9868-57a2d4851a1d" />
    <TestEntry testId="b9b3ccef-c54e-b9a8-8963-b2a606ec6ab2" executionId="c4a2583a-5904-4d1b-b70b-2b003829a728" testListId="8c84fa94-04c1-424b-9868-57a2d4851a1d" />
    <TestEntry testId="231da7cf-6321-9c2d-9abf-30efbe73cf3c" executionId="fb91de3a-2a33-478d-bf1e-c1a09627b48f" testListId="8c84fa94-04c1-424b-9868-57a2d4851a1d" />
    <TestEntry testId="2c900f1f-04c1-e18a-f24e-883d8ff3d515" executionId="f244fe27-5d73-4057-bf1d-01e31f5aba5e" testListId="8c84fa94-04c1-424b-9868-57a2d4851a1d" />
    <TestEntry testId="f67ff68c-f7a7-9005-b908-3bd283f4e6e2" executionId="f12ebded-c7ad-4c08-aa19-62d55eaff850" testListId="8c84fa94-04c1-424b-9868-57a2d4851a1d" />
    <TestEntry testId="e131a79d-db52-4a15-8f16-f2365ec0ae6c" executionId="59e364be-72d3-4cec-9240-f7b8b65ebc32" testListId="8c84fa94-04c1-424b-9868-57a2d4851a1d" />
    <TestEntry testId="17b641ce-60a6-feae-80d1-dec1166f269a" executionId="3ec55131-20f9-476d-88b6-f2485f3334eb" testListId="8c84fa94-04c1-424b-9868-57a2d4851a1d" />
    <TestEntry testId="d4bf14e0-98ff-bfc3-122f-c0e352be3146" executionId="820cbc6f-0c37-4d97-b091-36686fef299d" testListId="8c84fa94-04c1-424b-9868-57a2d4851a1d" />
  </TestEntries>
  <Results>
    <UnitTestResult executionId="39dad5be-41c1-4c3e-ba30-a8f3126e18d0" testId="aa5bdf33-005b-a0b7-2e43-118a280313a3" testName="TestMethod1" computerName="CSQ-HP" duration="00:00:00.0078522" startTime="2012-11-18T16:23:26.6912068-08:00" endTime="2012-11-18T16:23:27.9012760-08:00" testType="13cdc9d9-ddb5-4fa4-a97d-d965ccfc6d4b" outcome="Passed" testListId="8c84fa94-04c1-424b-9868-57a2d4851a1d" relativeResultsDirectory="39dad5be-41c1-4c3e-ba30-a8f3126e18d0">
    </UnitTestResult>
    <UnitTestResult executionId="900afbff-fc1d-45da-91ca-16bcfd55a200" testId="72f448a6-81e4-e97a-86eb-794a91249f38" testName="IndexTest" computerName="CSQ-HP" startTime="2012-11-18T16:23:28.6543191-08:00" endTime="2012-11-18T16:23:30.8144426-08:00" testType="13cdc9d9-ddb5-4fa4-a97d-d965ccfc6d4b" outcome="Failed" testListId="8c84fa94-04c1-424b-9868-57a2d4851a1d" relativeResultsDirectory="900afbff-fc1d-45da-91ca-16bcfd55a200">
      <Output>
        <ErrorInfo>
          <Message>The Web request 'http://localhost:56551/' completed successfully without running the test. This can occur when configuring the Web application for testing fails (an ASP.NET server error occurs when processing the request), or when no ASP.NET page is executed (the URL may point to an HTML page, a Web service, or a directory listing). Running tests in ASP.NET requires the URL to resolve to an ASP.NET page and for the page to execute properly up to the Load event. The response from the request is stored in the file 'WebRequestResponse_IndexTest.html' with the test results; typically this file can be opened with a Web browser to view its contents.</Message>
        </ErrorInfo>
      </Output>
      <ResultFiles>
        <ResultFile path="CSQ-HP\WebRequestResponse_IndexTest.html" />
      </ResultFiles>
    </UnitTestResult>
    <UnitTestResult executionId="0ee318c8-0d9b-4621-8bb5-52797c3223b5" testId="ab828656-56f0-26bc-8962-4f915d955ff1" testName="MediaContentControllerConstructorTest" computerName="CSQ-HP" startTime="2012-11-18T16:23:30.8254432-08:00" endTime="2012-11-18T16:23:30.8504447-08:00" testType="13cdc9d9-ddb5-4fa4-a97d-d965ccfc6d4b" outcome="Failed" testListId="8c84fa94-04c1-424b-9868-57a2d4851a1d" relativeResultsDirectory="0ee318c8-0d9b-4621-8bb5-52797c3223b5">
      <Output>
        <ErrorInfo>
          <Message>The Web request 'http://localhost:56551/' completed successfully without running the test. This can occur when configuring the Web application for testing fails (an ASP.NET server error occurs when processing the request), or when no ASP.NET page is executed (the URL may point to an HTML page, a Web service, or a directory listing). Running tests in ASP.NET requires the URL to resolve to an ASP.NET page and for the page to execute properly up to the Load event. The response from the request is stored in the file 'WebRequestResponse_MediaContentControll.html' with the test results; typically this file can be opened with a Web browser to view its contents.</Message>
        </ErrorInfo>
      </Output>
      <ResultFiles>
        <ResultFile path="CSQ-HP\WebRequestResponse_MediaContentControll.html" />
      </ResultFiles>
    </UnitTestResult>
    <UnitTestResult executionId="d730b280-2fa7-4443-9be3-5f8af4a74ba9" testId="278d13aa-98f9-399c-575a-1ff69da65377" testName="CreateTest" computerName="CSQ-HP" startTime="2012-11-18T16:23:30.8584451-08:00" endTime="2012-11-18T16:23:30.8754461-08:00" testType="13cdc9d9-ddb5-4fa4-a97d-d965ccfc6d4b" outcome="Failed" testListId="8c84fa94-04c1-424b-9868-57a2d4851a1d" relativeResultsDirectory="d730b280-2fa7-4443-9be3-5f8af4a74ba9">
      <Output>
        <ErrorInfo>
          <Message>The Web request 'http://localhost:56551/' completed successfully without running the test. This can occur when configuring the Web application for testing fails (an ASP.NET server error occurs when processing the request), or when no ASP.NET page is executed (the URL may point to an HTML page, a Web service, or a directory listing). Running tests in ASP.NET requires the URL to resolve to an ASP.NET page and for the page to execute properly up to the Load event. The response from the request is stored in the file 'WebRequestResponse_CreateTest.html' with the test results; typically this file can be opened with a Web browser to view its contents.</Message>
        </ErrorInfo>
      </Output>
      <ResultFiles>
        <ResultFile path="CSQ-HP\WebRequestResponse_CreateTest.html" />
      </ResultFiles>
    </UnitTestResult>
    <UnitTestResult executionId="0e9069a0-ac96-41de-bc02-0c66dfcff38a" testId="758a6703-628b-e9e2-d781-a75c569793d6" testName="CreateTest1" computerName="CSQ-HP" startTime="2012-11-18T16:23:30.8784463-08:00" endTime="2012-11-18T16:23:30.8934471-08:00" testType="13cdc9d9-ddb5-4fa4-a97d-d965ccfc6d4b" outcome="Failed" testListId="8c84fa94-04c1-424b-9868-57a2d4851a1d" relativeResultsDirectory="0e9069a0-ac96-41de-bc02-0c66dfcff38a">
      <Output>
        <ErrorInfo>
          <Message>The Web request 'http://localhost:56551/' completed successfully without running the test. This can occur when configuring the Web application for testing fails (an ASP.NET server error occurs when processing the request), or when no ASP.NET page is executed (the URL may point to an HTML page, a Web service, or a directory listing). Running tests in ASP.NET requires the URL to resolve to an ASP.NET page and for the page to execute properly up to the Load event. The response from the request is stored in the file 'WebRequestResponse_CreateTest1.html' with the test results; typically this file can be opened with a Web browser to view its contents.</Message>
        </ErrorInfo>
      </Output>
      <ResultFiles>
        <ResultFile path="CSQ-HP\WebRequestResponse_CreateTest1.html" />
      </ResultFiles>
    </UnitTestResult>
    <UnitTestResult executionId="9fa59dc9-b98c-4e7a-a2b0-4d28af9c8382" testId="45939775-937c-d18b-5d09-89bee40ca5bd" testName="DeleteTest" computerName="CSQ-HP" startTime="2012-11-18T16:23:30.8974474-08:00" endTime="2012-11-18T16:23:30.9124482-08:00" testType="13cdc9d9-ddb5-4fa4-a97d-d965ccfc6d4b" outcome="Failed" testListId="8c84fa94-04c1-424b-9868-57a2d4851a1d" relativeResultsDirectory="9fa59dc9-b98c-4e7a-a2b0-4d28af9c8382">
      <Output>
        <ErrorInfo>
          <Message>The Web request 'http://localhost:56551/' completed successfully without running the test. This can occur when configuring the Web application for testing fails (an ASP.NET server error occurs when processing the request), or when no ASP.NET page is executed (the URL may point to an HTML page, a Web service, or a directory listing). Running tests in ASP.NET requires the URL to resolve to an ASP.NET page and for the page to execute properly up to the Load event. The response from the request is stored in the file 'WebRequestResponse_DeleteTest.html' with the test results; typically this file can be opened with a Web browser to view its contents.</Message>
        </ErrorInfo>
      </Output>
      <ResultFiles>
        <ResultFile path="CSQ-HP\WebRequestResponse_DeleteTest.html" />
      </ResultFiles>
    </UnitTestResult>
    <UnitTestResult executionId="73d717a4-b278-42e7-89b4-921ad7493aac" testId="424e8f11-0b67-c110-2f82-7c13c481f2a8" testName="DeleteConfirmedTest" computerName="CSQ-HP" startTime="2012-11-18T16:23:30.9204487-08:00" endTime="2012-11-18T16:23:30.9404498-08:00" testType="13cdc9d9-ddb5-4fa4-a97d-d965ccfc6d4b" outcome="Failed" testListId="8c84fa94-04c1-424b-9868-57a2d4851a1d" relativeResultsDirectory="73d717a4-b278-42e7-89b4-921ad7493aac">
      <Output>
        <ErrorInfo>
          <Message>The Web request 'http://localhost:56551/' completed successfully without running the test. This can occur when configuring the Web application for testing fails (an ASP.NET server error occurs when processing the request), or when no ASP.NET page is executed (the URL may point to an HTML page, a Web service, or a directory listing). Running tests in ASP.NET requires the URL to resolve to an ASP.NET page and for the page to execute properly up to the Load event. The response from the request is stored in the file 'WebRequestResponse_DeleteConfirmedTest.html' with the test results; typically this file can be opened with a Web browser to view its contents.</Message>
        </ErrorInfo>
      </Output>
      <ResultFiles>
        <ResultFile path="CSQ-HP\WebRequestResponse_DeleteConfirmedTest.html" />
      </ResultFiles>
    </UnitTestResult>
    <UnitTestResult executionId="f2dab9c3-5e28-47fe-a717-c285bfd01b4c" testId="281eca41-2b92-6d24-4f23-223b8bf5016b" testName="DetailsTest" computerName="CSQ-HP" startTime="2012-11-18T16:23:31.0114539-08:00" endTime="2012-11-18T16:23:31.0394555-08:00" testType="13cdc9d9-ddb5-4fa4-a97d-d965ccfc6d4b" outcome="Failed" testListId="8c84fa94-04c1-424b-9868-57a2d4851a1d" relativeResultsDirectory="f2dab9c3-5e28-47fe-a717-c285bfd01b4c">
      <Output>
        <ErrorInfo>
          <Message>The Web request 'http://localhost:56551/' completed successfully without running the test. This can occur when configuring the Web application for testing fails (an ASP.NET server error occurs when processing the request), or when no ASP.NET page is executed (the URL may point to an HTML page, a Web service, or a directory listing). Running tests in ASP.NET requires the URL to resolve to an ASP.NET page and for the page to execute properly up to the Load event. The response from the request is stored in the file 'WebRequestResponse_DetailsTest.html' with the test results; typically this file can be opened with a Web browser to view its contents.</Message>
        </ErrorInfo>
      </Output>
      <ResultFiles>
        <ResultFile path="CSQ-HP\WebRequestResponse_DetailsTest.html" />
      </ResultFiles>
    </UnitTestResult>
    <UnitTestResult executionId="c4a2583a-5904-4d1b-b70b-2b003829a728" testId="b9b3ccef-c54e-b9a8-8963-b2a606ec6ab2" testName="DisposeTest" computerName="CSQ-HP" startTime="2012-11-18T16:23:31.0454558-08:00" endTime="2012-11-18T16:23:31.0614567-08:00" testType="13cdc9d9-ddb5-4fa4-a97d-d965ccfc6d4b" outcome="Failed" testListId="8c84fa94-04c1-424b-9868-57a2d4851a1d" relativeResultsDirectory="c4a2583a-5904-4d1b-b70b-2b003829a728">
      <Output>
        <ErrorInfo>
          <Message>The Web request 'http://localhost:56551/' completed successfully without running the test. This can occur when configuring the Web application for testing fails (an ASP.NET server error occurs when processing the request), or when no ASP.NET page is executed (the URL may point to an HTML page, a Web service, or a directory listing). Running tests in ASP.NET requires the URL to resolve to an ASP.NET page and for the page to execute properly up to the Load event. The response from the request is stored in the file 'WebRequestResponse_DisposeTest.html' with the test results; typically this file can be opened with a Web browser to view its contents.</Message>
        </ErrorInfo>
      </Output>
      <ResultFiles>
        <ResultFile path="CSQ-HP\WebRequestResponse_DisposeTest.html" />
      </ResultFiles>
    </UnitTestResult>
    <UnitTestResult executionId="fb91de3a-2a33-478d-bf1e-c1a09627b48f" testId="231da7cf-6321-9c2d-9abf-30efbe73cf3c" testName="EditTest" computerName="CSQ-HP" startTime="2012-11-18T16:23:31.0654570-08:00" endTime="2012-11-18T16:23:31.0814579-08:00" testType="13cdc9d9-ddb5-4fa4-a97d-d965ccfc6d4b" outcome="Failed" testListId="8c84fa94-04c1-424b-9868-57a2d4851a1d" relativeResultsDirectory="fb91de3a-2a33-478d-bf1e-c1a09627b48f">
      <Output>
        <ErrorInfo>
          <Message>The Web request 'http://localhost:56551/' completed successfully without running the test. This can occur when configuring the Web application for testing fails (an ASP.NET server error occurs when processing the request), or when no ASP.NET page is executed (the URL may point to an HTML page, a Web service, or a directory listing). Running tests in ASP.NET requires the URL to resolve to an ASP.NET page and for the page to execute properly up to the Load event. The response from the request is stored in the file 'WebRequestResponse_EditTest.html' with the test results; typically this file can be opened with a Web browser to view its contents.</Message>
        </ErrorInfo>
      </Output>
      <ResultFiles>
        <ResultFile path="CSQ-HP\WebRequestResponse_EditTest.html" />
      </ResultFiles>
    </UnitTestResult>
    <UnitTestResult executionId="f244fe27-5d73-4057-bf1d-01e31f5aba5e" testId="2c900f1f-04c1-e18a-f24e-883d8ff3d515" testName="EditTest1" computerName="CSQ-HP" startTime="2012-11-18T16:23:31.0844581-08:00" endTime="2012-11-18T16:23:31.0994589-08:00" testType="13cdc9d9-ddb5-4fa4-a97d-d965ccfc6d4b" outcome="Failed" testListId="8c84fa94-04c1-424b-9868-57a2d4851a1d" relativeResultsDirectory="f244fe27-5d73-4057-bf1d-01e31f5aba5e">
      <Output>
        <ErrorInfo>
          <Message>The Web request 'http://localhost:56551/' completed successfully without running the test. This can occur when configuring the Web application for testing fails (an ASP.NET server error occurs when processing the request), or when no ASP.NET page is executed (the URL may point to an HTML page, a Web service, or a directory listing). Running tests in ASP.NET requires the URL to resolve to an ASP.NET page and for the page to execute properly up to the Load event. The response from the request is stored in the file 'WebRequestResponse_EditTest1.html' with the test results; typically this file can be opened with a Web browser to view its contents.</Message>
        </ErrorInfo>
      </Output>
      <ResultFiles>
        <ResultFile path="CSQ-HP\WebRequestResponse_EditTest1.html" />
      </ResultFiles>
    </UnitTestResult>
    <UnitTestResult executionId="f12ebded-c7ad-4c08-aa19-62d55eaff850" testId="f67ff68c-f7a7-9005-b908-3bd283f4e6e2" testName="TestIndexTest" computerName="CSQ-HP" startTime="2012-11-18T16:23:31.1034591-08:00" endTime="2012-11-18T16:23:31.1174599-08:00" testType="13cdc9d9-ddb5-4fa4-a97d-d965ccfc6d4b" outcome="Failed" testListId="8c84fa94-04c1-424b-9868-57a2d4851a1d" relativeResultsDirectory="f12ebded-c7ad-4c08-aa19-62d55eaff850">
      <Output>
        <ErrorInfo>
          <Message>The Web request 'http://localhost:56551/' completed successfully without running the test. This can occur when configuring the Web application for testing fails (an ASP.NET server error occurs when processing the request), or when no ASP.NET page is executed (the URL may point to an HTML page, a Web service, or a directory listing). Running tests in ASP.NET requires the URL to resolve to an ASP.NET page and for the page to execute properly up to the Load event. The response from the request is stored in the file 'WebRequestResponse_TestIndexTest.html' with the test results; typically this file can be opened with a Web browser to view its contents.</Message>
        </ErrorInfo>
      </Output>
      <ResultFiles>
        <ResultFile path="CSQ-HP\WebRequestResponse_TestIndexTest.html" />
      </ResultFiles>
    </UnitTestResult>
    <UnitTestResult executionId="59e364be-72d3-4cec-9240-f7b8b65ebc32" testId="e131a79d-db52-4a15-8f16-f2365ec0ae6c" testName="TestView" computerName="CSQ-HP" duration="00:00:00.3489426" startTime="2012-11-18T16:23:31.1204601-08:00" endTime="2012-11-18T16:23:31.4744804-08:00" testType="13cdc9d9-ddb5-4fa4-a97d-d965ccfc6d4b" outcome="Passed" testListId="8c84fa94-04c1-424b-9868-57a2d4851a1d" relativeResultsDirectory="59e364be-72d3-4cec-9240-f7b8b65ebc32">
    </UnitTestResult>
    <UnitTestResult executionId="3ec55131-20f9-476d-88b6-f2485f3334eb" testId="17b641ce-60a6-feae-80d1-dec1166f269a" testName="TestIndexView" computerName="CSQ-HP" duration="00:00:02.0296598" startTime="2012-11-18T16:23:31.4814808-08:00" endTime="2012-11-18T16:23:33.5155971-08:00" testType="13cdc9d9-ddb5-4fa4-a97d-d965ccfc6d4b" outcome="Failed" testListId="8c84fa94-04c1-424b-9868-57a2d4851a1d" relativeResultsDirectory="3ec55131-20f9-476d-88b6-f2485f3334eb">
      <Output>
        <ErrorInfo>
          <Message>Test method TestProjectMVC1.UnitTestContent.TestIndexView threw exception: 
System.InvalidOperationException: The model backing the 'PlayerDBContext' context has changed since the database was created. Consider using Code First Migrations to update the database (http://go.microsoft.com/fwlink/?LinkId=238269).</Message>
          <StackTrace>    at System.Data.Entity.CreateDatabaseIfNotExists`1.InitializeDatabase(TContext context)
   at System.Data.Entity.Internal.InternalContext.&lt;&gt;c__DisplayClass8.&lt;PerformDatabaseInitialization&gt;b__6()
   at System.Data.Entity.Internal.InternalContext.PerformInitializationAction(Action action)
   at System.Data.Entity.Internal.InternalContext.PerformDatabaseInitialization()
   at System.Data.Entity.Internal.LazyInternalContext.&lt;InitializeDatabase&gt;b__4(InternalContext c)
   at System.Data.Entity.Internal.RetryAction`1.PerformAction(TInput input)
   at System.Data.Entity.Internal.LazyInternalContext.InitializeDatabaseAction(Action`1 action)
   at System.Data.Entity.Internal.LazyInternalContext.InitializeDatabase()
   at System.Data.Entity.Internal.InternalContext.Initialize()
   at System.Data.Entity.Internal.InternalContext.GetEntitySetAndBaseTypeForType(Type entityType)
   at System.Data.Entity.Internal.Linq.InternalSet`1.Initialize()
   at System.Data.Entity.Internal.Linq.InternalSet`1.GetEnumerator()
   at System.Data.Entity.Infrastructure.DbQuery`1.System.Collections.Generic.IEnumerable&lt;TResult&gt;.GetEnumerator()
   at System.Collections.Generic.List`1..ctor(IEnumerable`1 collection)
   at System.Linq.Enumerable.ToList[TSource](IEnumerable`1 source)
   at ContentManagerMVC.Controllers.MediaContentController.Index() in C:\Users\csq\documents\visual studio 2010\Projects\ContentManagerMVC\ContentManagerMVC\Controllers\MediaContentController.cs:line 27
   at TestProjectMVC1.UnitTestContent.TestIndexView() in C:\Users\csq\documents\visual studio 2010\Projects\ContentManagerMVC\TestProjectMVC1\Controller\UnitTestContent.cs:line 82
</StackTrace>
        </ErrorInfo>
      </Output>
    </UnitTestResult>
    <UnitTestResult executionId="820cbc6f-0c37-4d97-b091-36686fef299d" testId="d4bf14e0-98ff-bfc3-122f-c0e352be3146" testName="PlayerScheduleDetailsTest" computerName="CSQ-HP" startTime="2012-11-18T16:23:33.5195973-08:00" endTime="2012-11-18T16:23:33.5355982-08:00" testType="13cdc9d9-ddb5-4fa4-a97d-d965ccfc6d4b" outcome="Failed" testListId="8c84fa94-04c1-424b-9868-57a2d4851a1d" relativeResultsDirectory="820cbc6f-0c37-4d97-b091-36686fef299d">
      <Output>
        <ErrorInfo>
          <Message>The Web request 'http://localhost:56551/' completed successfully without running the test. This can occur when configuring the Web application for testing fails (an ASP.NET server error occurs when processing the request), or when no ASP.NET page is executed (the URL may point to an HTML page, a Web service, or a directory listing). Running tests in ASP.NET requires the URL to resolve to an ASP.NET page and for the page to execute properly up to the Load event. The response from the request is stored in the file 'WebRequestResponse_PlayerScheduleDetail.html' with the test results; typically this file can be opened with a Web browser to view its contents.</Message>
        </ErrorInfo>
      </Output>
      <ResultFiles>
        <ResultFile path="CSQ-HP\WebRequestResponse_PlayerScheduleDetail.html" />
      </ResultFiles>
    </UnitTestResult>
  </Results>
</TestRun>