<?xml version="1.0" encoding="UTF-8"?>
<TestRun id="536b599f-a130-407e-8570-29b2b5f829c3" name="csq@CSQ-HP 2012-11-26 02:07:04" runUser="csq-HP\csq" xmlns="http://microsoft.com/schemas/VisualStudio/TeamTest/2010">
  <TestSettings name="Local" id="1e55fc8c-f910-491d-a8c5-709fde21967d">
    <Description>These are default test settings for a local test run.</Description>
    <Deployment enabled="false" runDeploymentRoot="csq_CSQ-HP 2012-11-26 02_07_04">
      <DeploymentItem filename="C:\Program Files (x86)\Microsoft ASP.NET\ASP.NET MVC 4\Assemblies\System.Net.Http.dll" />
      <DeploymentItem filename="C:\Users\csq\documents\visual studio 2010\Projects\ContentManagerMVC\packages\DotNetOpenAuth.Core.4.0.3.12153\lib\net40-full\DotNetOpenAuth.Core.dll" />
      <DeploymentItem filename="C:\Program Files (x86)\Microsoft ASP.NET\ASP.NET Web Pages\v2.0\Assemblies\WebMatrix.WebData.dll" />
      <DeploymentItem filename="C:\Program Files (x86)\Microsoft ASP.NET\ASP.NET Web Pages\v2.0\Assemblies\System.Web.WebPages.dll" />
      <DeploymentItem filename="C:\Users\csq\documents\visual studio 2010\Projects\ContentManagerMVC\packages\DotNetOpenAuth.AspNet.4.0.3.12153\lib\net40-full\DotNetOpenAuth.AspNet.dll" />
      <DeploymentItem filename="C:\Users\csq\documents\visual studio 2010\Projects\ContentManagerMVC\ContentManagerMVC\bin\ContentManagerMVC.dll" />
      <DeploymentItem filename="C:\Users\csq\documents\visual studio 2010\Projects\ContentManagerMVC\packages\DotNetOpenAuth.OpenId.Core.4.0.3.12153\lib\net40-full\DotNetOpenAuth.OpenId.dll" />
      <DeploymentItem filename="C:\Program Files (x86)\Microsoft ASP.NET\ASP.NET Web Pages\v2.0\Assemblies\WebMatrix.Data.dll" />
      <DeploymentItem filename="C:\Program Files (x86)\Microsoft ASP.NET\ASP.NET MVC 4\Assemblies\System.Web.Mvc.dll" />
      <DeploymentItem filename="C:\Program Files (x86)\Microsoft ASP.NET\ASP.NET Web Pages\v2.0\Assemblies\System.Web.WebPages.Deployment.dll" />
      <DeploymentItem filename="C:\Program Files (x86)\Microsoft ASP.NET\ASP.NET Web Pages\v2.0\Assemblies\System.Web.Helpers.dll" />
      <DeploymentItem filename="C:\Users\csq\documents\visual studio 2010\Projects\ContentManagerMVC\packages\DotNetOpenAuth.OAuth.Core.4.0.3.12153\lib\net40-full\DotNetOpenAuth.OAuth.dll" />
      <DeploymentItem filename="C:\Program Files (x86)\Microsoft ASP.NET\ASP.NET Web Pages\v2.0\Assemblies\System.Web.WebPages.Razor.dll" />
      <DeploymentItem filename="C:\Program Files (x86)\Microsoft ASP.NET\ASP.NET Web Pages\v2.0\Assemblies\System.Web.Razor.dll" />
      <DeploymentItem filename="C:\Users\csq\documents\visual studio 2010\Projects\ContentManagerMVC\packages\PagedList.1.15.0.0\lib\net40\PagedList.dll" />
      <DeploymentItem filename="C:\Program Files (x86)\Microsoft ASP.NET\ASP.NET MVC 4\Assemblies\System.Net.Http.WebRequest.dll" />
      <DeploymentItem filename="C:\Program Files (x86)\Microsoft ASP.NET\ASP.NET MVC 4\Assemblies\System.Web.Http.WebHost.dll" />
      <DeploymentItem filename="C:\Users\csq\documents\visual studio 2010\Projects\ContentManagerMVC\packages\EntityFramework.5.0.0\lib\net40\EntityFramework.dll" />
      <DeploymentItem filename="C:\Users\csq\documents\visual studio 2010\Projects\ContentManagerMVC\packages\Newtonsoft.Json.4.5.6\lib\net40\Newtonsoft.Json.dll" />
      <DeploymentItem filename="C:\Users\csq\documents\visual studio 2010\Projects\ContentManagerMVC\packages\WebGrease.1.1.0\lib\Antlr3.Runtime.dll" />
      <DeploymentItem filename="C:\Users\csq\documents\visual studio 2010\Projects\ContentManagerMVC\packages\PagedList.Mvc.3.18.0.0\lib\net40\PagedList.Mvc.dll" />
      <DeploymentItem filename="C:\Users\csq\documents\visual studio 2010\Projects\ContentManagerMVC\packages\WebGrease.1.1.0\lib\WebGrease.dll" />
      <DeploymentItem filename="C:\Users\csq\documents\visual studio 2010\Projects\ContentManagerMVC\packages\Microsoft.AspNet.Web.Optimization.1.0.0\lib\net40\System.Web.Optimization.dll" />
      <DeploymentItem filename="C:\Program Files (x86)\Microsoft ASP.NET\ASP.NET Web Pages\v2.0\Assemblies\Microsoft.Web.Infrastructure.dll" />
      <DeploymentItem filename="C:\Users\csq\documents\visual studio 2010\Projects\ContentManagerMVC\packages\DotNetOpenAuth.OAuth.Consumer.4.0.3.12153\lib\net40-full\DotNetOpenAuth.OAuth.Consumer.dll" />
      <DeploymentItem filename="C:\Program Files (x86)\Microsoft ASP.NET\ASP.NET Web Pages\v2.0\Assemblies\Microsoft.Web.WebPages.OAuth.dll" />
      <DeploymentItem filename="C:\Program Files (x86)\Microsoft ASP.NET\ASP.NET MVC 4\Assemblies\System.Web.Http.dll" />
      <DeploymentItem filename="C:\Users\csq\documents\visual studio 2010\Projects\ContentManagerMVC\packages\DotNetOpenAuth.OpenId.RelyingParty.4.0.3.12153\lib\net40-full\DotNetOpenAuth.OpenId.RelyingParty.dll" />
      <DeploymentItem filename="C:\Program Files (x86)\Microsoft ASP.NET\ASP.NET MVC 4\Assemblies\System.Net.Http.Formatting.dll" />
    </Deployment>
    <Execution>
      <TestTypeSpecific />
      <AgentRule name="Execution Agents">
      </AgentRule>
    </Execution>
  </TestSettings>
  <Times creation="2012-11-26T02:07:04.3424991-08:00" queuing="2012-11-26T02:07:04.3975022-08:00" start="2012-11-26T02:07:04.4395046-08:00" finish="2012-11-26T02:07:05.6115716-08:00" />
  <ResultSummary outcome="Failed">
    <Counters total="8" executed="8" error="0" failed="1" timeout="0" aborted="0" inconclusive="7" passedButRunAborted="0" notRunnable="0" notExecuted="0" disconnected="0" warning="0" passed="0" completed="0" inProgress="0" pending="0" />
  </ResultSummary>
  <TestDefinitions>
    <UnitTest name="SchedulesTest" storage="c:\users\csq\documents\visual studio 2010\projects\contentmanagermvc\testprojectmvc\bin\debug\testprojectmvc.dll" id="de0a1506-b36e-4836-00db-17d5fe501af3">
      <Execution id="6ac3ab7e-a0b9-4b39-b26f-2cf9f8fb49d2" />
      <TestMethod codeBase="C:/Users/csq/documents/visual studio 2010/Projects/ContentManagerMVC/TestProjectMVC/bin/Debug/TestProjectMVC.DLL" adapterTypeName="Microsoft.VisualStudio.TestTools.TestTypes.Unit.UnitTestAdapter, Microsoft.VisualStudio.QualityTools.Tips.UnitTest.Adapter, Version=10.0.0.0, Culture=neutral, PublicKeyToken=b03f5f7f11d50a3a" className="TestProjectMVC.PlayerTest, TestProjectMVC, Version=1.0.0.0, Culture=neutral, PublicKeyToken=null" name="SchedulesTest" />
    </UnitTest>
    <UnitTest name="NameTest" storage="c:\users\csq\documents\visual studio 2010\projects\contentmanagermvc\testprojectmvc\bin\debug\testprojectmvc.dll" id="23046aec-714f-12b0-d8fb-939fca0ef700">
      <Execution id="87455820-1eb6-4dc0-b058-b72b438e73da" />
      <TestMethod codeBase="C:/Users/csq/documents/visual studio 2010/Projects/ContentManagerMVC/TestProjectMVC/bin/Debug/TestProjectMVC.DLL" adapterTypeName="Microsoft.VisualStudio.TestTools.TestTypes.Unit.UnitTestAdapter, Microsoft.VisualStudio.QualityTools.Tips.UnitTest.Adapter, Version=10.0.0.0, Culture=neutral, PublicKeyToken=b03f5f7f11d50a3a" className="TestProjectMVC.PlayerTest, TestProjectMVC, Version=1.0.0.0, Culture=neutral, PublicKeyToken=null" name="NameTest" />
    </UnitTest>
    <UnitTest name="StatusTest" storage="c:\users\csq\documents\visual studio 2010\projects\contentmanagermvc\testprojectmvc\bin\debug\testprojectmvc.dll" id="0efe1176-b0e1-78c4-6e86-43f43ec0b072">
      <Execution id="c1f42b13-f794-4b42-bf24-e187f088545b" />
      <TestMethod codeBase="C:/Users/csq/documents/visual studio 2010/Projects/ContentManagerMVC/TestProjectMVC/bin/Debug/TestProjectMVC.DLL" adapterTypeName="Microsoft.VisualStudio.TestTools.TestTypes.Unit.UnitTestAdapter, Microsoft.VisualStudio.QualityTools.Tips.UnitTest.Adapter, Version=10.0.0.0, Culture=neutral, PublicKeyToken=b03f5f7f11d50a3a" className="TestProjectMVC.PlayerTest, TestProjectMVC, Version=1.0.0.0, Culture=neutral, PublicKeyToken=null" name="StatusTest" />
    </UnitTest>
    <UnitTest name="IPTest" storage="c:\users\csq\documents\visual studio 2010\projects\contentmanagermvc\testprojectmvc\bin\debug\testprojectmvc.dll" id="e1120e96-8ae9-cfc9-8e23-3676ee2d79e6">
      <Execution id="d3d8c0b1-c1d4-4f7a-abd2-2b62a022dae9" />
      <TestMethod codeBase="C:/Users/csq/documents/visual studio 2010/Projects/ContentManagerMVC/TestProjectMVC/bin/Debug/TestProjectMVC.DLL" adapterTypeName="Microsoft.VisualStudio.TestTools.TestTypes.Unit.UnitTestAdapter, Microsoft.VisualStudio.QualityTools.Tips.UnitTest.Adapter, Version=10.0.0.0, Culture=neutral, PublicKeyToken=b03f5f7f11d50a3a" className="TestProjectMVC.PlayerTest, TestProjectMVC, Version=1.0.0.0, Culture=neutral, PublicKeyToken=null" name="IPTest" />
    </UnitTest>
    <UnitTest name="DescriptionTest" storage="c:\users\csq\documents\visual studio 2010\projects\contentmanagermvc\testprojectmvc\bin\debug\testprojectmvc.dll" id="e8ba5463-cde0-a1ec-0d44-fcf884f9027a">
      <Execution id="565b04fd-1848-40a8-9556-cbf001991d88" />
      <TestMethod codeBase="C:/Users/csq/documents/visual studio 2010/Projects/ContentManagerMVC/TestProjectMVC/bin/Debug/TestProjectMVC.DLL" adapterTypeName="Microsoft.VisualStudio.TestTools.TestTypes.Unit.UnitTestAdapter, Microsoft.VisualStudio.QualityTools.Tips.UnitTest.Adapter, Version=10.0.0.0, Culture=neutral, PublicKeyToken=b03f5f7f11d50a3a" className="TestProjectMVC.PlayerTest, TestProjectMVC, Version=1.0.0.0, Culture=neutral, PublicKeyToken=null" name="DescriptionTest" />
    </UnitTest>
    <UnitTest name="AddressTest" storage="c:\users\csq\documents\visual studio 2010\projects\contentmanagermvc\testprojectmvc\bin\debug\testprojectmvc.dll" id="6f2854ed-4ba3-0635-e45c-eb566102164c">
      <Execution id="8a6f340d-e3b9-4f52-becf-938de0005c80" />
      <TestMethod codeBase="C:/Users/csq/documents/visual studio 2010/Projects/ContentManagerMVC/TestProjectMVC/bin/Debug/TestProjectMVC.DLL" adapterTypeName="Microsoft.VisualStudio.TestTools.TestTypes.Unit.UnitTestAdapter, Microsoft.VisualStudio.QualityTools.Tips.UnitTest.Adapter, Version=10.0.0.0, Culture=neutral, PublicKeyToken=b03f5f7f11d50a3a" className="TestProjectMVC.PlayerTest, TestProjectMVC, Version=1.0.0.0, Culture=neutral, PublicKeyToken=null" name="AddressTest" />
    </UnitTest>
    <UnitTest name="IDTest" storage="c:\users\csq\documents\visual studio 2010\projects\contentmanagermvc\testprojectmvc\bin\debug\testprojectmvc.dll" id="eac6e02b-8a04-36bb-ab49-6a7ee66d620b">
      <Execution id="042e6572-dab2-49be-a483-f9985be7dca8" />
      <TestMethod codeBase="C:/Users/csq/documents/visual studio 2010/Projects/ContentManagerMVC/TestProjectMVC/bin/Debug/TestProjectMVC.DLL" adapterTypeName="Microsoft.VisualStudio.TestTools.TestTypes.Unit.UnitTestAdapter, Microsoft.VisualStudio.QualityTools.Tips.UnitTest.Adapter, Version=10.0.0.0, Culture=neutral, PublicKeyToken=b03f5f7f11d50a3a" className="TestProjectMVC.PlayerTest, TestProjectMVC, Version=1.0.0.0, Culture=neutral, PublicKeyToken=null" name="IDTest" />
    </UnitTest>
    <UnitTest name="PlayerIndexTest" storage="c:\users\csq\documents\visual studio 2010\projects\contentmanagermvc\testprojectmvc\bin\debug\testprojectmvc.dll" id="052da0b5-705a-8650-49b5-98b22cc2487a">
      <Execution id="d6324e0c-c613-42cf-a45d-5200df51777b" />
      <TestMethod codeBase="C:/Users/csq/documents/visual studio 2010/Projects/ContentManagerMVC/TestProjectMVC/bin/Debug/TestProjectMVC.DLL" adapterTypeName="Microsoft.VisualStudio.TestTools.TestTypes.Unit.UnitTestAdapter, Microsoft.VisualStudio.QualityTools.Tips.UnitTest.Adapter, Version=10.0.0.0, Culture=neutral, PublicKeyToken=b03f5f7f11d50a3a" className="TestProjectMVC.PlayerControllerTest, TestProjectMVC, Version=1.0.0.0, Culture=neutral, PublicKeyToken=null" name="PlayerIndexTest" />
    </UnitTest>
  </TestDefinitions>
  <TestLists>
    <TestList name="Results Not in a List" id="8c84fa94-04c1-424b-9868-57a2d4851a1d" />
    <TestList name="All Loaded Results" id="19431567-8539-422a-85d7-44ee4e166bda" />
  </TestLists>
  <TestEntries>
    <TestEntry testId="052da0b5-705a-8650-49b5-98b22cc2487a" executionId="d6324e0c-c613-42cf-a45d-5200df51777b" testListId="8c84fa94-04c1-424b-9868-57a2d4851a1d" />
    <TestEntry testId="0efe1176-b0e1-78c4-6e86-43f43ec0b072" executionId="c1f42b13-f794-4b42-bf24-e187f088545b" testListId="8c84fa94-04c1-424b-9868-57a2d4851a1d" />
    <TestEntry testId="23046aec-714f-12b0-d8fb-939fca0ef700" executionId="87455820-1eb6-4dc0-b058-b72b438e73da" testListId="8c84fa94-04c1-424b-9868-57a2d4851a1d" />
    <TestEntry testId="6f2854ed-4ba3-0635-e45c-eb566102164c" executionId="8a6f340d-e3b9-4f52-becf-938de0005c80" testListId="8c84fa94-04c1-424b-9868-57a2d4851a1d" />
    <TestEntry testId="de0a1506-b36e-4836-00db-17d5fe501af3" executionId="6ac3ab7e-a0b9-4b39-b26f-2cf9f8fb49d2" testListId="8c84fa94-04c1-424b-9868-57a2d4851a1d" />
    <TestEntry testId="e1120e96-8ae9-cfc9-8e23-3676ee2d79e6" executionId="d3d8c0b1-c1d4-4f7a-abd2-2b62a022dae9" testListId="8c84fa94-04c1-424b-9868-57a2d4851a1d" />
    <TestEntry testId="e8ba5463-cde0-a1ec-0d44-fcf884f9027a" executionId="565b04fd-1848-40a8-9556-cbf001991d88" testListId="8c84fa94-04c1-424b-9868-57a2d4851a1d" />
    <TestEntry testId="eac6e02b-8a04-36bb-ab49-6a7ee66d620b" executionId="042e6572-dab2-49be-a483-f9985be7dca8" testListId="8c84fa94-04c1-424b-9868-57a2d4851a1d" />
  </TestEntries>
  <Results>
    <UnitTestResult executionId="d6324e0c-c613-42cf-a45d-5200df51777b" testId="052da0b5-705a-8650-49b5-98b22cc2487a" testName="PlayerIndexTest" computerName="CSQ-HP" duration="00:00:00.8857586" startTime="2012-11-26T02:07:04.4555055-08:00" endTime="2012-11-26T02:07:05.4875645-08:00" testType="13cdc9d9-ddb5-4fa4-a97d-d965ccfc6d4b" outcome="Failed" testListId="8c84fa94-04c1-424b-9868-57a2d4851a1d" relativeResultsDirectory="d6324e0c-c613-42cf-a45d-5200df51777b">
      <Output>
        <ErrorInfo>
          <Message>Test method TestProjectMVC.PlayerControllerTest.PlayerIndexTest threw exception: 
System.InvalidOperationException: The model backing the 'PlayerDBContext' context has changed since the database was created. Consider using Code First Migrations to update the database (http://go.microsoft.com/fwlink/?LinkId=238269).</Message>
          <StackTrace>    at System.Data.Entity.CreateDatabaseIfNotExists`1.InitializeDatabase(TContext context)
   at System.Data.Entity.Internal.InternalContext.&lt;&gt;c__DisplayClass8.&lt;PerformDatabaseInitialization&gt;b__6()
   at System.Data.Entity.Internal.InternalContext.PerformInitializationAction(Action action)
   at System.Data.Entity.Internal.InternalContext.PerformDatabaseInitialization()
   at System.Data.Entity.Internal.LazyInternalContext.&lt;InitializeDatabase&gt;b__4(InternalContext c)
   at System.Data.Entity.Internal.RetryAction`1.PerformAction(TInput input)
   at System.Data.Entity.Internal.LazyInternalContext.InitializeDatabaseAction(Action`1 action)
   at System.Data.Entity.Internal.LazyInternalContext.InitializeDatabase()
   at System.Data.Entity.Internal.InternalContext.GetEntitySetAndBaseTypeForType(Type entityType)
   at System.Data.Entity.Internal.Linq.InternalSet`1.Initialize()
   at System.Data.Entity.Internal.Linq.InternalSet`1.get_InternalContext()
   at System.Data.Entity.Internal.Linq.InternalSet`1.Find(Object[] keyValues)
   at System.Data.Entity.DbSet`1.Find(Object[] keyValues)
   at ContentManagerMVC.Controllers.PlayerController.Details(Int32 id) in C:\Users\csq\documents\visual studio 2010\Projects\ContentManagerMVC\ContentManagerMVC\Controllers\PlayerController.cs:line 71
   at TestProjectMVC.PlayerControllerTest.PlayerIndexTest() in C:\Users\csq\documents\visual studio 2010\Projects\ContentManagerMVC\TestProjectMVC\PlayerControllerTest.cs:line 324
</StackTrace>
        </ErrorInfo>
      </Output>
    </UnitTestResult>
    <UnitTestResult executionId="c1f42b13-f794-4b42-bf24-e187f088545b" testId="0efe1176-b0e1-78c4-6e86-43f43ec0b072" testName="StatusTest" computerName="CSQ-HP" duration="00:00:00.0015911" startTime="2012-11-26T02:07:05.4905647-08:00" endTime="2012-11-26T02:07:05.4945649-08:00" testType="13cdc9d9-ddb5-4fa4-a97d-d965ccfc6d4b" outcome="Inconclusive" testListId="8c84fa94-04c1-424b-9868-57a2d4851a1d" relativeResultsDirectory="c1f42b13-f794-4b42-bf24-e187f088545b">
      <Output>
        <ErrorInfo>
          <Message>Assert.Inconclusive failed. Verify the correctness of this test method.</Message>
          <StackTrace>   at TestProjectMVC.PlayerTest.StatusTest() in C:\Users\csq\documents\visual studio 2010\Projects\ContentManagerMVC\TestProjectMVC\PlayerTest.cs:line 192
</StackTrace>
        </ErrorInfo>
      </Output>
    </UnitTestResult>
    <UnitTestResult executionId="87455820-1eb6-4dc0-b058-b72b438e73da" testId="23046aec-714f-12b0-d8fb-939fca0ef700" testName="NameTest" computerName="CSQ-HP" duration="00:00:00.0007177" startTime="2012-11-26T02:07:05.4985652-08:00" endTime="2012-11-26T02:07:05.5025654-08:00" testType="13cdc9d9-ddb5-4fa4-a97d-d965ccfc6d4b" outcome="Inconclusive" testListId="8c84fa94-04c1-424b-9868-57a2d4851a1d" relativeResultsDirectory="87455820-1eb6-4dc0-b058-b72b438e73da">
      <Output>
        <ErrorInfo>
          <Message>Assert.Inconclusive failed. Verify the correctness of this test method.</Message>
          <StackTrace>   at TestProjectMVC.PlayerTest.NameTest() in C:\Users\csq\documents\visual studio 2010\Projects\ContentManagerMVC\TestProjectMVC\PlayerTest.cs:line 156
</StackTrace>
        </ErrorInfo>
      </Output>
    </UnitTestResult>
    <UnitTestResult executionId="8a6f340d-e3b9-4f52-becf-938de0005c80" testId="6f2854ed-4ba3-0635-e45c-eb566102164c" testName="AddressTest" computerName="CSQ-HP" duration="00:00:00.0006802" startTime="2012-11-26T02:07:05.5055656-08:00" endTime="2012-11-26T02:07:05.5085658-08:00" testType="13cdc9d9-ddb5-4fa4-a97d-d965ccfc6d4b" outcome="Inconclusive" testListId="8c84fa94-04c1-424b-9868-57a2d4851a1d" relativeResultsDirectory="8a6f340d-e3b9-4f52-becf-938de0005c80">
      <Output>
        <ErrorInfo>
          <Message>Assert.Inconclusive failed. Verify the correctness of this test method.</Message>
          <StackTrace>   at TestProjectMVC.PlayerTest.AddressTest() in C:\Users\csq\documents\visual studio 2010\Projects\ContentManagerMVC\TestProjectMVC\PlayerTest.cs:line 84
</StackTrace>
        </ErrorInfo>
      </Output>
    </UnitTestResult>
    <UnitTestResult executionId="6ac3ab7e-a0b9-4b39-b26f-2cf9f8fb49d2" testId="de0a1506-b36e-4836-00db-17d5fe501af3" testName="SchedulesTest" computerName="CSQ-HP" duration="00:00:00.0007471" startTime="2012-11-26T02:07:05.5135660-08:00" endTime="2012-11-26T02:07:05.5165662-08:00" testType="13cdc9d9-ddb5-4fa4-a97d-d965ccfc6d4b" outcome="Inconclusive" testListId="8c84fa94-04c1-424b-9868-57a2d4851a1d" relativeResultsDirectory="6ac3ab7e-a0b9-4b39-b26f-2cf9f8fb49d2">
      <Output>
        <ErrorInfo>
          <Message>Assert.Inconclusive failed. Verify the correctness of this test method.</Message>
          <StackTrace>   at TestProjectMVC.PlayerTest.SchedulesTest() in C:\Users\csq\documents\visual studio 2010\Projects\ContentManagerMVC\TestProjectMVC\PlayerTest.cs:line 174
</StackTrace>
        </ErrorInfo>
      </Output>
    </UnitTestResult>
    <UnitTestResult executionId="d3d8c0b1-c1d4-4f7a-abd2-2b62a022dae9" testId="e1120e96-8ae9-cfc9-8e23-3676ee2d79e6" testName="IPTest" computerName="CSQ-HP" duration="00:00:00.0006449" startTime="2012-11-26T02:07:05.5195664-08:00" endTime="2012-11-26T02:07:05.5235666-08:00" testType="13cdc9d9-ddb5-4fa4-a97d-d965ccfc6d4b" outcome="Inconclusive" testListId="8c84fa94-04c1-424b-9868-57a2d4851a1d" relativeResultsDirectory="d3d8c0b1-c1d4-4f7a-abd2-2b62a022dae9">
      <Output>
        <ErrorInfo>
          <Message>Assert.Inconclusive failed. Verify the correctness of this test method.</Message>
          <StackTrace>   at TestProjectMVC.PlayerTest.IPTest() in C:\Users\csq\documents\visual studio 2010\Projects\ContentManagerMVC\TestProjectMVC\PlayerTest.cs:line 138
</StackTrace>
        </ErrorInfo>
      </Output>
    </UnitTestResult>
    <UnitTestResult executionId="565b04fd-1848-40a8-9556-cbf001991d88" testId="e8ba5463-cde0-a1ec-0d44-fcf884f9027a" testName="DescriptionTest" computerName="CSQ-HP" duration="00:00:00.0007905" startTime="2012-11-26T02:07:05.5265668-08:00" endTime="2012-11-26T02:07:05.5295670-08:00" testType="13cdc9d9-ddb5-4fa4-a97d-d965ccfc6d4b" outcome="Inconclusive" testListId="8c84fa94-04c1-424b-9868-57a2d4851a1d" relativeResultsDirectory="565b04fd-1848-40a8-9556-cbf001991d88">
      <Output>
        <ErrorInfo>
          <Message>Assert.Inconclusive failed. Verify the correctness of this test method.</Message>
          <StackTrace>   at TestProjectMVC.PlayerTest.DescriptionTest() in C:\Users\csq\documents\visual studio 2010\Projects\ContentManagerMVC\TestProjectMVC\PlayerTest.cs:line 102
</StackTrace>
        </ErrorInfo>
      </Output>
    </UnitTestResult>
    <UnitTestResult executionId="042e6572-dab2-49be-a483-f9985be7dca8" testId="eac6e02b-8a04-36bb-ab49-6a7ee66d620b" testName="IDTest" computerName="CSQ-HP" duration="00:00:00.0008640" startTime="2012-11-26T02:07:05.5325671-08:00" endTime="2012-11-26T02:07:05.5355673-08:00" testType="13cdc9d9-ddb5-4fa4-a97d-d965ccfc6d4b" outcome="Inconclusive" testListId="8c84fa94-04c1-424b-9868-57a2d4851a1d" relativeResultsDirectory="042e6572-dab2-49be-a483-f9985be7dca8">
      <Output>
        <ErrorInfo>
          <Message>Assert.Inconclusive failed. Verify the correctness of this test method.</Message>
          <StackTrace>   at TestProjectMVC.PlayerTest.IDTest() in C:\Users\csq\documents\visual studio 2010\Projects\ContentManagerMVC\TestProjectMVC\PlayerTest.cs:line 120
</StackTrace>
        </ErrorInfo>
      </Output>
    </UnitTestResult>
  </Results>
</TestRun>